This is XeTeX, Version 3.141592653-2.6-0.999995 (MiKTeX 24.1) (preloaded format=xelatex 2026.6.25)  29 JUN 2026 20:57
entering extended mode
 restricted \write18 enabled.
 file:line:error style messages enabled.
 %&-line parsing enabled.
**"c:/Users/nonew/Desktop/Teaching/POSN 1 Qualification 2026/main.tex"
(c:/Users/nonew/Desktop/Teaching/POSN 1 Qualification 2026/main.tex
LaTeX2e <2023-11-01> patch level 1
L3 programming layer <2024-01-04>
(C:\Users\nonew\AppData\Local\Programs\MiKTeX\tex/latex/base\article.cls
Document Class: article 2023/05/17 v1.4n Standard LaTeX document class
(C:\Users\nonew\AppData\Local\Programs\MiKTeX\tex/latex/base\size10.clo
File: size10.clo 2023/05/17 v1.4n Standard LaTeX file (size option)
)
\c@part=\count183
\c@section=\count184
\c@subsection=\count185
\c@subsubsection=\count186
\c@paragraph=\count187
\c@subparagraph=\count188
\c@figure=\count189
\c@table=\count190
\abovecaptionskip=\skip48
\belowcaptionskip=\skip49
\bibindent=\dimen140
)
(preamble.tex
(C:\Users\nonew\AppData\Local\Programs\MiKTeX\tex/latex/geometry\geometry.sty
Package: geometry 2020/01/02 v5.9 Page Geometry

(C:\Users\nonew\AppData\Local\Programs\MiKTeX\tex/latex/graphics\keyval.sty
Package: keyval 2022/05/29 v1.15 key=value parser (DPC)
\KV@toks@=\toks17
)
(C:\Users\nonew\AppData\Local\Programs\MiKTeX\tex/generic/iftex\ifvtex.sty
Package: ifvtex 2019/10/25 v1.7 ifvtex legacy package. Use iftex instead.

(C:\Users\nonew\AppData\Local\Programs\MiKTeX\tex/generic/iftex\iftex.sty
Package: iftex 2022/02/03 v1.0f TeX engine tests
))
\Gm@cnth=\count191
\Gm@cntv=\count192
\c@Gm@tempcnt=\count193
\Gm@bindingoffset=\dimen141
\Gm@wd@mp=\dimen142
\Gm@odd@mp=\dimen143
\Gm@even@mp=\dimen144
\Gm@layoutwidth=\dimen145
\Gm@layoutheight=\dimen146
\Gm@layouthoffset=\dimen147
\Gm@layoutvoffset=\dimen148
\Gm@dimlist=\toks18

(C:\Users\nonew\AppData\Local\Programs\MiKTeX\tex/latex/geometry\geometry.cfg))
(C:\Users\nonew\AppData\Local\Programs\MiKTeX\tex/latex/fontspec\fontspec.sty
(C:\Users\nonew\AppData\Local\Programs\MiKTeX\tex/latex/l3packages/xparse\xpars
e.sty
(C:\Users\nonew\AppData\Local\Programs\MiKTeX\tex/latex/l3kernel\expl3.sty
Package: expl3 2024-01-04 L3 programming layer (loader) 

(C:\Users\nonew\AppData\Local\Programs\MiKTeX\tex/latex/l3backend\l3backend-xet
ex.def
File: l3backend-xetex.def 2024-01-04 L3 backend support: XeTeX
\g__graphics_track_int=\count194
\l__pdf_internal_box=\box51
\g__pdf_backend_object_int=\count195
\g__pdf_backend_annotation_int=\count196
\g__pdf_backend_link_int=\count197
))
Package: xparse 2023-10-10 L3 Experimental document command parser
)
Package: fontspec 2022/01/15 v2.8a Font selection for XeLaTeX and LuaLaTeX

(C:\Users\nonew\AppData\Local\Programs\MiKTeX\tex/latex/fontspec\fontspec-xetex
.sty
Package: fontspec-xetex 2022/01/15 v2.8a Font selection for XeLaTeX and LuaLaTe
X
\l__fontspec_script_int=\count198
\l__fontspec_language_int=\count199
\l__fontspec_strnum_int=\count266
\l__fontspec_tmp_int=\count267
\l__fontspec_tmpa_int=\count268
\l__fontspec_tmpb_int=\count269
\l__fontspec_tmpc_int=\count270
\l__fontspec_em_int=\count271
\l__fontspec_emdef_int=\count272
\l__fontspec_strong_int=\count273
\l__fontspec_strongdef_int=\count274
\l__fontspec_tmpa_dim=\dimen149
\l__fontspec_tmpb_dim=\dimen150
\l__fontspec_tmpc_dim=\dimen151
 (C:\Users\nonew\AppData\Local\Programs\MiKTeX\tex/latex/base\fontenc.sty
Package: fontenc 2021/04/29 v2.0v Standard LaTeX package
)
(C:\Users\nonew\AppData\Local\Programs\MiKTeX\tex/latex/fontspec\fontspec.cfg))
)

Package fontspec Info: Could not resolve font "TH Sarabun New/BI" (it probably
(fontspec)             doesn't exist).


Package fontspec Info: Could not resolve font "TH Sarabun New/B" (it probably
(fontspec)             doesn't exist).


Package fontspec Info: Could not resolve font "TH Sarabun New/I" (it probably
(fontspec)             doesn't exist).


Package fontspec Info: Font family 'THSarabunNew(0)' created for font 'TH
(fontspec)             Sarabun New' with options [Ligatures=TeX].
(fontspec)              
(fontspec)              This font family consists of the following NFSS
(fontspec)             series/shapes:
(fontspec)              
(fontspec)             - 'normal' (m/n) with NFSS spec.: <->"TH Sarabun
(fontspec)             New/OT:script=latn;language=dflt;mapping=tex-text;"
(fontspec)             - 'small caps'  (m/sc) with NFSS spec.: 

 (C:\Users\nonew\AppData\Local\Programs\MiKTeX\tex/latex/amsmath\amsmath.sty
Package: amsmath 2023/05/13 v2.17o AMS math features
\@mathmargin=\skip50

For additional information on amsmath, use the `?' option.
(C:\Users\nonew\AppData\Local\Programs\MiKTeX\tex/latex/amsmath\amstext.sty
Package: amstext 2021/08/26 v2.01 AMS text

(C:\Users\nonew\AppData\Local\Programs\MiKTeX\tex/latex/amsmath\amsgen.sty
File: amsgen.sty 1999/11/30 v2.0 generic functions
\@emptytoks=\toks19
\ex@=\dimen152
))
(C:\Users\nonew\AppData\Local\Programs\MiKTeX\tex/latex/amsmath\amsbsy.sty
Package: amsbsy 1999/11/29 v1.2d Bold Symbols
\pmbraise@=\dimen153
)
(C:\Users\nonew\AppData\Local\Programs\MiKTeX\tex/latex/amsmath\amsopn.sty
Package: amsopn 2022/04/08 v2.04 operator names
)
\inf@bad=\count275
LaTeX Info: Redefining \frac on input line 234.
\uproot@=\count276
\leftroot@=\count277
LaTeX Info: Redefining \overline on input line 399.
LaTeX Info: Redefining \colon on input line 410.
\classnum@=\count278
\DOTSCASE@=\count279
LaTeX Info: Redefining \ldots on input line 496.
LaTeX Info: Redefining \dots on input line 499.
LaTeX Info: Redefining \cdots on input line 620.
\Mathstrutbox@=\box52
\strutbox@=\box53
LaTeX Info: Redefining \big on input line 722.
LaTeX Info: Redefining \Big on input line 723.
LaTeX Info: Redefining \bigg on input line 724.
LaTeX Info: Redefining \Bigg on input line 725.
\big@size=\dimen154
LaTeX Font Info:    Redeclaring font encoding OML on input line 743.
LaTeX Font Info:    Redeclaring font encoding OMS on input line 744.
\macc@depth=\count280
LaTeX Info: Redefining \bmod on input line 905.
LaTeX Info: Redefining \pmod on input line 910.
LaTeX Info: Redefining \smash on input line 940.
LaTeX Info: Redefining \relbar on input line 970.
LaTeX Info: Redefining \Relbar on input line 971.
\c@MaxMatrixCols=\count281
\dotsspace@=\muskip16
\c@parentequation=\count282
\dspbrk@lvl=\count283
\tag@help=\toks20
\row@=\count284
\column@=\count285
\maxfields@=\count286
\andhelp@=\toks21
\eqnshift@=\dimen155
\alignsep@=\dimen156
\tagshift@=\dimen157
\tagwidth@=\dimen158
\totwidth@=\dimen159
\lineht@=\dimen160
\@envbody=\toks22
\multlinegap=\skip51
\multlinetaggap=\skip52
\mathdisplay@stack=\toks23
LaTeX Info: Redefining \[ on input line 2953.
LaTeX Info: Redefining \] on input line 2954.
)
(C:\Users\nonew\AppData\Local\Programs\MiKTeX\tex/latex/amsfonts\amssymb.sty
Package: amssymb 2013/01/14 v3.01 AMS font symbols

(C:\Users\nonew\AppData\Local\Programs\MiKTeX\tex/latex/amsfonts\amsfonts.sty
Package: amsfonts 2013/01/14 v3.01 Basic AMSFonts support
\symAMSa=\mathgroup4
\symAMSb=\mathgroup5
LaTeX Font Info:    Redeclaring math symbol \hbar on input line 98.
LaTeX Font Info:    Overwriting math alphabet `\mathfrak' in version `bold'
(Font)                  U/euf/m/n --> U/euf/b/n on input line 106.
)) (C:\Users\nonew\AppData\Local\Programs\MiKTeX\tex/latex/graphics\graphicx.st
y
Package: graphicx 2021/09/16 v1.2d Enhanced LaTeX Graphics (DPC,SPQR)

(C:\Users\nonew\AppData\Local\Programs\MiKTeX\tex/latex/graphics\graphics.sty
Package: graphics 2022/03/10 v1.4e Standard LaTeX Graphics (DPC,SPQR)

(C:\Users\nonew\AppData\Local\Programs\MiKTeX\tex/latex/graphics\trig.sty
Package: trig 2021/08/11 v1.11 sin cos tan (DPC)
)
(C:\Users\nonew\AppData\Local\Programs\MiKTeX\tex/latex/graphics-cfg\graphics.c
fg
File: graphics.cfg 2016/06/04 v1.11 sample graphics configuration
)
Package graphics Info: Driver file: xetex.def on input line 107.

(C:\Users\nonew\AppData\Local\Programs\MiKTeX\tex/latex/graphics-def\xetex.def
File: xetex.def 2022/09/22 v5.0n Graphics/color driver for xetex
))
\Gin@req@height=\dimen161
\Gin@req@width=\dimen162
)
(C:\Users\nonew\AppData\Local\Programs\MiKTeX\tex/latex/fancyhdr\fancyhdr.sty
Package: fancyhdr 2025/02/07 v5.2 Extensive control of page headers and footers

\f@nch@headwidth=\skip53
\f@nch@offset@elh=\skip54
\f@nch@offset@erh=\skip55
\f@nch@offset@olh=\skip56
\f@nch@offset@orh=\skip57
\f@nch@offset@elf=\skip58
\f@nch@offset@erf=\skip59
\f@nch@offset@olf=\skip60
\f@nch@offset@orf=\skip61
\f@nch@height=\skip62
\f@nch@footalignment=\skip63
\f@nch@widthL=\skip64
\f@nch@widthC=\skip65
\f@nch@widthR=\skip66
\@temptokenb=\toks24
)
(C:\Users\nonew\AppData\Local\Programs\MiKTeX\tex/latex/lastpage\lastpage.sty
Package: lastpage 2025/08/14 v2.1h lastpage: 2.09 or 2e? (HMM)

(C:\Users\nonew\AppData\Local\Programs\MiKTeX\tex/latex/lastpage\lastpage2e.sty
Package: lastpage2e 2025/08/14 v2.1h Decide which 2e lastpage version to use (H
MM)

(C:\Users\nonew\AppData\Local\Programs\MiKTeX\tex/latex/lastpage\lastpageclassi
c.sty
Package: lastpageclassic 2025/08/14 v2.1h Refers to last page's name (HMM; JPG)

) 
)) (C:\Users\nonew\AppData\Local\Programs\MiKTeX\tex/latex/tools\tabularx.sty
Package: tabularx 2023/07/08 v2.11c `tabularx' package (DPC)

(C:\Users\nonew\AppData\Local\Programs\MiKTeX\tex/latex/tools\array.sty
Package: array 2023/10/16 v2.5g Tabular extension package (FMi)
\col@sep=\dimen163
\ar@mcellbox=\box54
\extrarowheight=\dimen164
\NC@list=\toks25
\extratabsurround=\skip67
\backup@length=\skip68
\ar@cellbox=\box55
)
\TX@col@width=\dimen165
\TX@old@table=\dimen166
\TX@old@col=\dimen167
\TX@target=\dimen168
\TX@delta=\dimen169
\TX@cols=\count287
\TX@ftn=\toks26
)
\c@qnum=\count288
)

LaTeX Warning: Unused global option(s):
    [16pt].

(main.aux)
\openout1 = `main.aux'.

LaTeX Font Info:    Checking defaults for OML/cmm/m/it on input line 4.
LaTeX Font Info:    ... okay on input line 4.
LaTeX Font Info:    Checking defaults for OMS/cmsy/m/n on input line 4.
LaTeX Font Info:    ... okay on input line 4.
LaTeX Font Info:    Checking defaults for OT1/cmr/m/n on input line 4.
LaTeX Font Info:    ... okay on input line 4.
LaTeX Font Info:    Checking defaults for T1/cmr/m/n on input line 4.
LaTeX Font Info:    ... okay on input line 4.
LaTeX Font Info:    Checking defaults for TS1/cmr/m/n on input line 4.
LaTeX Font Info:    Trying to load font information for TS1+cmr on input line 4
.

(C:\Users\nonew\AppData\Local\Programs\MiKTeX\tex/latex/base\ts1cmr.fd
File: ts1cmr.fd 2023/04/13 v2.5m Standard LaTeX font definitions
)
LaTeX Font Info:    ... okay on input line 4.
LaTeX Font Info:    Checking defaults for TU/lmr/m/n on input line 4.
LaTeX Font Info:    ... okay on input line 4.
LaTeX Font Info:    Checking defaults for OMX/cmex/m/n on input line 4.
LaTeX Font Info:    ... okay on input line 4.
LaTeX Font Info:    Checking defaults for U/cmr/m/n on input line 4.
LaTeX Font Info:    ... okay on input line 4.

*geometry* driver: auto-detecting
*geometry* detected driver: xetex
*geometry* verbose mode - [ preamble ] result:
* driver: xetex
* paper: a4paper
* layout: <same size as paper>
* layoutoffset:(h,v)=(0.0pt,0.0pt)
* modes: 
* h-part:(L,W,R)=(62.59596pt, 472.31595pt, 62.59596pt)
* v-part:(T,H,B)=(71.13188pt, 702.78308pt, 71.13188pt)
* \paperwidth=597.50787pt
* \paperheight=845.04684pt
* \textwidth=472.31595pt
* \textheight=702.78308pt
* \oddsidemargin=-9.67403pt
* \evensidemargin=-9.67403pt
* \topmargin=-38.1381pt
* \headheight=12.0pt
* \headsep=25.0pt
* \topskip=10.0pt
* \footskip=30.0pt
* \marginparwidth=57.0pt
* \marginparsep=11.0pt
* \columnsep=10.0pt
* \skip\footins=9.0pt plus 4.0pt minus 2.0pt
* \hoffset=0.0pt
* \voffset=0.0pt
* \mag=1000
* \@twocolumnfalse
* \@twosidefalse
* \@mparswitchfalse
* \@reversemarginfalse
* (1in=72.27pt=25.4mm, 1cm=28.453pt)


Package fontspec Info: Adjusting the maths setup (use [no-math] to avoid
(fontspec)             this).

\symlegacymaths=\mathgroup6
LaTeX Font Info:    Overwriting symbol font `legacymaths' in version `bold'
(Font)                  OT1/cmr/m/n --> OT1/cmr/bx/n on input line 4.
LaTeX Font Info:    Redeclaring math accent \acute on input line 4.
LaTeX Font Info:    Redeclaring math accent \grave on input line 4.
LaTeX Font Info:    Redeclaring math accent \ddot on input line 4.
LaTeX Font Info:    Redeclaring math accent \tilde on input line 4.
LaTeX Font Info:    Redeclaring math accent \bar on input line 4.
LaTeX Font Info:    Redeclaring math accent \breve on input line 4.
LaTeX Font Info:    Redeclaring math accent \check on input line 4.
LaTeX Font Info:    Redeclaring math accent \hat on input line 4.
LaTeX Font Info:    Redeclaring math accent \dot on input line 4.
LaTeX Font Info:    Redeclaring math accent \mathring on input line 4.
LaTeX Font Info:    Redeclaring math symbol \Gamma on input line 4.
LaTeX Font Info:    Redeclaring math symbol \Delta on input line 4.
LaTeX Font Info:    Redeclaring math symbol \Theta on input line 4.
LaTeX Font Info:    Redeclaring math symbol \Lambda on input line 4.
LaTeX Font Info:    Redeclaring math symbol \Xi on input line 4.
LaTeX Font Info:    Redeclaring math symbol \Pi on input line 4.
LaTeX Font Info:    Redeclaring math symbol \Sigma on input line 4.
LaTeX Font Info:    Redeclaring math symbol \Upsilon on input line 4.
LaTeX Font Info:    Redeclaring math symbol \Phi on input line 4.
LaTeX Font Info:    Redeclaring math symbol \Psi on input line 4.
LaTeX Font Info:    Redeclaring math symbol \Omega on input line 4.
LaTeX Font Info:    Redeclaring math symbol \mathdollar on input line 4.
LaTeX Font Info:    Redeclaring symbol font `operators' on input line 4.
LaTeX Font Info:    Encoding `OT1' has changed to `TU' for symbol font
(Font)              `operators' in the math version `normal' on input line 4.
LaTeX Font Info:    Overwriting symbol font `operators' in version `normal'
(Font)                  OT1/cmr/m/n --> TU/THSarabunNew(0)/m/n on input line 4.

LaTeX Font Info:    Encoding `OT1' has changed to `TU' for symbol font
(Font)              `operators' in the math version `bold' on input line 4.
LaTeX Font Info:    Overwriting symbol font `operators' in version `bold'
(Font)                  OT1/cmr/bx/n --> TU/THSarabunNew(0)/m/n on input line 4
.
LaTeX Font Info:    Overwriting symbol font `operators' in version `normal'
(Font)                  TU/THSarabunNew(0)/m/n --> TU/THSarabunNew(0)/m/n on in
put line 4.
LaTeX Font Info:    Overwriting math alphabet `\mathit' in version `normal'
(Font)                  OT1/cmr/m/it --> TU/THSarabunNew(0)/m/it on input line 
4.
LaTeX Font Info:    Overwriting math alphabet `\mathbf' in version `normal'
(Font)                  OT1/cmr/bx/n --> TU/THSarabunNew(0)/b/n on input line 4
.
LaTeX Font Info:    Overwriting math alphabet `\mathsf' in version `normal'
(Font)                  OT1/cmss/m/n --> TU/lmss/m/n on input line 4.
LaTeX Font Info:    Overwriting math alphabet `\mathtt' in version `normal'
(Font)                  OT1/cmtt/m/n --> TU/lmtt/m/n on input line 4.
LaTeX Font Info:    Overwriting symbol font `operators' in version `bold'
(Font)                  TU/THSarabunNew(0)/m/n --> TU/THSarabunNew(0)/b/n on in
put line 4.
LaTeX Font Info:    Overwriting math alphabet `\mathit' in version `bold'
(Font)                  OT1/cmr/bx/it --> TU/THSarabunNew(0)/b/it on input line
 4.
LaTeX Font Info:    Overwriting math alphabet `\mathsf' in version `bold'
(Font)                  OT1/cmss/bx/n --> TU/lmss/b/n on input line 4.
LaTeX Font Info:    Overwriting math alphabet `\mathtt' in version `bold'
(Font)                  OT1/cmtt/m/n --> TU/lmtt/b/n on input line 4.

LaTeX Font Warning: Font shape `TU/THSarabunNew(0)/b/n' undefined
(Font)              using `TU/THSarabunNew(0)/m/n' instead on input line 7.

(problems/ton1/number-theory/02.tex) (problems/ton1/geometry/03.tex
Overfull \hbox (119.15866pt too wide) in paragraph at lines 2--4
\TU/THSarabunNew(0)/b/n/10 2. ถ้าผลบวกมุมภายในสองมุมของรูปสามเหลี่ยมรูปหนึ่งเป็
น 137 องศา และผลต่างของสองมุมนี้เป็น 73 องศา จงหามุมภายในที่เล็กที่สุดของสามเหล
ี่ยม 
 []

) (problems/ton1/functions/03.tex
LaTeX Font Info:    Trying to load font information for U+msa on input line 2.

(C:\Users\nonew\AppData\Local\Programs\MiKTeX\tex/latex/amsfonts\umsa.fd
File: umsa.fd 2013/01/14 v3.01 AMS symbols A
)
LaTeX Font Info:    Trying to load font information for U+msb on input line 2.

(C:\Users\nonew\AppData\Local\Programs\MiKTeX\tex/latex/amsfonts\umsb.fd
File: umsb.fd 2013/01/14 v3.01 AMS symbols B
))
(problems/ton1/sequences/01.tex
Overfull \hbox (39.88132pt too wide) in paragraph at lines 2--4
\TU/THSarabunNew(0)/b/n/10 4. แบคทีเรียจะเพิ่มจำนวนขึ้น 2 เท่า ทุก 1 ชั่วโมง ถ้
าเมื่อเริ่มจับเวลามีแบคทีเรีย 2000 ตัว อีกอย่างน้อยกี่ชั่วโมงถึงจะมีแบคทีเรียเก
ิน
 []

) (problems/ton1/number-theory/05.tex
Overfull \hbox (17.19608pt too wide) in paragraph at lines 2--4
\TU/THSarabunNew(0)/b/n/10 5. จำนวนวิธีที่จะเลือกจำนวนเต็มที่ไม่ซ้ำกัน 2 จำนวนจ
ากเซต $\OML/cmm/m/it/10 S \OT1/cmr/m/n/10 = []$ \TU/THSarabunNew(0)/b/n/10 ที่ท
ำให้ผลรวมของสองจำนวนนั้นหารด้วย
 []

) (problems/ton1/equations/05.tex) (problems/ton1/equations/04.tex)
(problems/ton1/geometry/01.tex
Overfull \hbox (33.70142pt too wide) in paragraph at lines 2--3
\TU/THSarabunNew(0)/b/n/10 8. กำหนดให้มุม $\U/msa/m/n/10 \\OML/cmm/m/it/10 BAD 
\OT1/cmr/m/n/10 = \U/msa/m/n/10 \\OML/cmm/m/it/10 CED$ \TU/THSarabunNew(0)/b/n/
10 และส่วนของเส้นตรง $[]$ ขนานกับส่วนของเส้นตรง $[]$ จงหาความยาวของส่วนของเส้นต
รง
 []

File: triangle_problem.jpg Graphic file (type bmp)
<triangle_problem.jpg>
) (problems/ton1/functions/04.tex) (problems/ton1/geometry/04.tex
Overfull \hbox (7.31096pt too wide) in paragraph at lines 2--3
\TU/THSarabunNew(0)/b/n/10 10. จากรูป $\OML/cmm/m/it/10 O$ \TU/THSarabunNew(0)/
b/n/10 เป็นจุดศูนย์กลางวงกลมที่มี $\OML/cmm/m/it/10 AC$ \TU/THSarabunNew(0)/b/n
/10 = 8 หน่วย, $\OML/cmm/m/it/10 DC$ \TU/THSarabunNew(0)/b/n/10 = 6 หน่วย และ $
\OML/cmm/m/it/10 BC$ \TU/THSarabunNew(0)/b/n/10 สัมผัสวงกลมที่จุด $\OML/cmm/m/i
t/10 B$ \TU/THSarabunNew(0)/b/n/10 แล้วความยาวของ
 []


Package fancyhdr Warning: \headheight is too small (12.0pt): 
(fancyhdr)                Make it at least 18.94574pt, for example:
(fancyhdr)                \setlength{\headheight}{18.94574pt}.
(fancyhdr)                You might also make \topmargin smaller:
(fancyhdr)                \addtolength{\topmargin}{-6.94574pt}.

[1

]
File: circle_image_2.png Graphic file (type bmp)
<circle_image_2.png>
) (problems/ton1/functions/02.tex
Underfull \hbox (badness 10000) in paragraph at lines 2--8

 []

) (problems/ton1/real-numbers/03.tex) (problems/ton1/sets/02.tex)
(problems/ton1/number-theory/04.tex) (problems/ton1/logic/01.tex
Underfull \hbox (badness 10000) in paragraph at lines 2--8

 []


Package fancyhdr Warning: \headheight is too small (12.0pt): 
(fancyhdr)                Make it at least 18.94574pt, for example:
(fancyhdr)                \setlength{\headheight}{18.94574pt}.
(fancyhdr)                You might also make \topmargin smaller:
(fancyhdr)                \addtolength{\topmargin}{-6.94574pt}.

[2]) (problems/ton1/sequences/02.tex) (problems/ton1/counting/02.tex
Overfull \hbox (23.70944pt too wide) in paragraph at lines 2--5
\TU/THSarabunNew(0)/b/n/10 17. ไพ่ปกติหนึ่งสำรับ ต้องหยิบไพ่ออกจากกองอย่างน้อยท
ี่สุดกี่ใบ จึงจะการันตีว่ามีไพ่ที่หยิบมามีหน้าไพ่อย่างน้อย 2 สัญลักษณ์
 []

) (problems/ton1/geometry/02.tex
Overfull \hbox (51.82468pt too wide) in paragraph at lines 2--3
\TU/THSarabunNew(0)/b/n/10 18. จากรูปวงกลมทั้งสามมีรัศมี 1 cm เท่ากันถูกใส่ลงใน
รูปสี่เหลี่ยมได้พอดีดังรูป จงหาพื้นที่ของรูปสี่เหลี่ยมนี้ในหน่วยตารางเซนติเมตร 

 []

File: circle_image.png Graphic file (type bmp)
<circle_image.png>
) (problems/ton1/number-theory/01.tex) (problems/ton1/equations/01.tex)
(problems/ton1/logic/02.tex) (problems/ton1/sets/01.tex)
(problems/ton1/equations/03.tex
Overfull \hbox (44.603pt too wide) in paragraph at lines 2--4
\TU/THSarabunNew(0)/b/n/10 23. มะลิซื้อส้มโอผลเล็ก ราคาผลละ 30 บาท และผลใหญ่ราค
าผลละ 35 บาท คิดเป็นเงิน 950 บาท เมื่อนำมารวมกันแล้วขายไปผลละ
 []

) (problems/ton1/real-numbers/02.tex

Package fancyhdr Warning: \headheight is too small (12.0pt): 
(fancyhdr)                Make it at least 18.94574pt, for example:
(fancyhdr)                \setlength{\headheight}{18.94574pt}.
(fancyhdr)                You might also make \topmargin smaller:
(fancyhdr)                \addtolength{\topmargin}{-6.94574pt}.

[3]) (problems/ton1/equations/06.tex) (problems/ton1/functions/01.tex)
(problems/ton1/real-numbers/01.tex
Underfull \hbox (badness 10000) in paragraph at lines 2--5

 []

) (problems/ton1/counting/01.tex) (problems/ton1/equations/02.tex
Overfull \hbox (34.9155pt too wide) in paragraph at lines 2--4
\TU/THSarabunNew(0)/b/n/10 29. ปัจจุบันมารดามีอายุเป็นสี่เท่าของบุตร อีก 5 ปีข้
างหน้าผลคูณของอายุของเขาทั้งสองจะเป็น 675 ปี ปัจจุบันมารดามีอายุเท่าใด 
 []

) (problems/ton1/number-theory/03.tex)

Package fancyhdr Warning: \headheight is too small (12.0pt): 
(fancyhdr)                Make it at least 18.94574pt, for example:
(fancyhdr)                \setlength{\headheight}{18.94574pt}.
(fancyhdr)                You might also make \topmargin smaller:
(fancyhdr)                \addtolength{\topmargin}{-6.94574pt}.

[4] (problems/ton2/programming/08.tex
Overfull \hbox (26.46823pt too wide) in paragraph at lines 2--4
\TU/THSarabunNew(0)/b/n/10 31. ร้านสะดวกซื้อ 67-11 มีโปรโมชันมอบส่วนลดให้แก่ลูก
ค้าตามยอดซื้อและสถานะสมาชิก โดยมีเงื่อนไขตามโปรแกรมด้านล่าง 
 []

) (problems/ton2/programming/09.tex) (problems/ton2/programming/04.tex)
(problems/ton2/programming/12.tex

Package fancyhdr Warning: \headheight is too small (12.0pt): 
(fancyhdr)                Make it at least 18.94574pt, for example:
(fancyhdr)                \setlength{\headheight}{18.94574pt}.
(fancyhdr)                You might also make \topmargin smaller:
(fancyhdr)                \addtolength{\topmargin}{-6.94574pt}.

[5]) (problems/ton2/programming/11.tex) (problems/ton2/programming/15.tex

Package fancyhdr Warning: \headheight is too small (12.0pt): 
(fancyhdr)                Make it at least 18.94574pt, for example:
(fancyhdr)                \setlength{\headheight}{18.94574pt}.
(fancyhdr)                You might also make \topmargin smaller:
(fancyhdr)                \addtolength{\topmargin}{-6.94574pt}.

[6]) (problems/ton2/programming/02.tex) (problems/ton2/programming/14.tex)
(problems/ton2/programming/06.tex) (problems/ton2/programming/07.tex

Package fancyhdr Warning: \headheight is too small (12.0pt): 
(fancyhdr)                Make it at least 18.94574pt, for example:
(fancyhdr)                \setlength{\headheight}{18.94574pt}.
(fancyhdr)                You might also make \topmargin smaller:
(fancyhdr)                \addtolength{\topmargin}{-6.94574pt}.

[7]) (problems/ton2/programming/03.tex) (problems/ton2/programming/01.tex)
(problems/ton2/programming/13.tex) (problems/ton2/programming/05.tex)
(problems/ton2/programming/10.tex

Package fancyhdr Warning: \headheight is too small (12.0pt): 
(fancyhdr)                Make it at least 18.94574pt, for example:
(fancyhdr)                \setlength{\headheight}{18.94574pt}.
(fancyhdr)                You might also make \topmargin smaller:
(fancyhdr)                \addtolength{\topmargin}{-6.94574pt}.

[8])

Package fancyhdr Warning: \headheight is too small (12.0pt): 
(fancyhdr)                Make it at least 18.94574pt, for example:
(fancyhdr)                \setlength{\headheight}{18.94574pt}.
(fancyhdr)                You might also make \topmargin smaller:
(fancyhdr)                \addtolength{\topmargin}{-6.94574pt}.

[9] (problems/ton3/algorithms/08.tex
Missing character: There is no ^^81 in font TH Sarabun New Regular/OT:script=la
tn;language=dflt;mapping=tex-text;!
Missing character: There is no ^^81 in font TH Sarabun New Regular/OT:script=la
tn;language=dflt;mapping=tex-text;!
Missing character: There is no ^^99 in font TH Sarabun New Regular/OT:script=la
tn;language=dflt;mapping=tex-text;!
Missing character: There is no ^^84 in font TH Sarabun New Regular/OT:script=la
tn;language=dflt;mapping=tex-text;!
Missing character: There is no ^^81 in font TH Sarabun New Regular/OT:script=la
tn;language=dflt;mapping=tex-text;!
Missing character: There is no ^^8c in font TH Sarabun New Regular/OT:script=la
tn;language=dflt;mapping=tex-text;!
Missing character: There is no ^^82 in font TH Sarabun New Regular/OT:script=la
tn;language=dflt;mapping=tex-text;!
Missing character: There is no ^^87 in font TH Sarabun New Regular/OT:script=la
tn;language=dflt;mapping=tex-text;!
Missing character: There is no ^^99 in font TH Sarabun New Regular/OT:script=la
tn;language=dflt;mapping=tex-text;!
Missing character: There is no ^^88 in font TH Sarabun New Regular/OT:script=la
tn;language=dflt;mapping=tex-text;!
Missing character: There is no ^^87 in font TH Sarabun New Regular/OT:script=la
tn;language=dflt;mapping=tex-text;!
Missing character: There is no ^^9b in font TH Sarabun New Regular/OT:script=la
tn;language=dflt;mapping=tex-text;!
Missing character: There is no ^^87 in font TH Sarabun New Regular/OT:script=la
tn;language=dflt;mapping=tex-text;!
Missing character: There is no ^^99 in font TH Sarabun New Regular/OT:script=la
tn;language=dflt;mapping=tex-text;!
Missing character: There is no ^^9c in font TH Sarabun New Regular/OT:script=la
tn;language=dflt;mapping=tex-text;!
Missing character: There is no ^^81 in font TH Sarabun New Regular/OT:script=la
tn;language=dflt;mapping=tex-text;!
Missing character: There is no ^^9a in font TH Sarabun New Regular/OT:script=la
tn;language=dflt;mapping=tex-text;!
Missing character: There is no ^^89 in font TH Sarabun New Regular/OT:script=la
tn;language=dflt;mapping=tex-text;!
Missing character: There is no ^^82 in font TH Sarabun New Regular/OT:script=la
tn;language=dflt;mapping=tex-text;!
Missing character: There is no ^^87 in font TH Sarabun New Regular/OT:script=la
tn;language=dflt;mapping=tex-text;!
Missing character: There is no ^^87 in font TH Sarabun New Regular/OT:script=la
tn;language=dflt;mapping=tex-text;!
Missing character: There is no ^^84 in font TH Sarabun New Regular/OT:script=la
tn;language=dflt;mapping=tex-text;!
Missing character: There is no ^^88 in font TH Sarabun New Regular/OT:script=la
tn;language=dflt;mapping=tex-text;!
Missing character: There is no ^^88 in font TH Sarabun New Regular/OT:script=la
tn;language=dflt;mapping=tex-text;!
Missing character: There is no ^^87 in font TH Sarabun New Regular/OT:script=la
tn;language=dflt;mapping=tex-text;!
Missing character: There is no ^^88 in font TH Sarabun New Regular/OT:script=la
tn;language=dflt;mapping=tex-text;!
Missing character: There is no ^^89 in font TH Sarabun New Regular/OT:script=la
tn;language=dflt;mapping=tex-text;!
Missing character: There is no ^^99 in font TH Sarabun New Regular/OT:script=la
tn;language=dflt;mapping=tex-text;!
Missing character: There is no ^^88 in font TH Sarabun New Regular/OT:script=la
tn;language=dflt;mapping=tex-text;!
Missing character: There is no ^^99 in font TH Sarabun New Regular/OT:script=la
tn;language=dflt;mapping=tex-text;!
Missing character: There is no ^^83 in font TH Sarabun New Regular/OT:script=la
tn;language=dflt;mapping=tex-text;!
Missing character: There is no ^^81 in font TH Sarabun New Regular/OT:script=la
tn;language=dflt;mapping=tex-text;!
Missing character: There is no ^^84 in font TH Sarabun New Regular/OT:script=la
tn;language=dflt;mapping=tex-text;!
Missing character: There is no ^^89 in font TH Sarabun New Regular/OT:script=la
tn;language=dflt;mapping=tex-text;!
Missing character: There is no ^^87 in font TH Sarabun New Regular/OT:script=la
tn;language=dflt;mapping=tex-text;!
Missing character: There is no ^^81 in font TH Sarabun New Regular/OT:script=la
tn;language=dflt;mapping=tex-text;!
Missing character: There is no ^^9a in font TH Sarabun New Regular/OT:script=la
tn;language=dflt;mapping=tex-text;!
Missing character: There is no ^^82 in font TH Sarabun New Regular/OT:script=la
tn;language=dflt;mapping=tex-text;!
Missing character: There is no ^^84 in font TH Sarabun New Regular/OT:script=la
tn;language=dflt;mapping=tex-text;!
Missing character: There is no ^^87 in font TH Sarabun New Regular/OT:script=la
tn;language=dflt;mapping=tex-text;!
Missing character: There is no ^^89 in font TH Sarabun New Regular/OT:script=la
tn;language=dflt;mapping=tex-text;!
Missing character: There is no ^^87 in font TH Sarabun New Regular/OT:script=la
tn;language=dflt;mapping=tex-text;!
Missing character: There is no ^^84 in font TH Sarabun New Regular/OT:script=la
tn;language=dflt;mapping=tex-text;!
Missing character: There is no ^^81 in font TH Sarabun New Regular/OT:script=la
tn;language=dflt;mapping=tex-text;!
Missing character: There is no ^^8c in font TH Sarabun New Regular/OT:script=la
tn;language=dflt;mapping=tex-text;!
Missing character: There is no ^^84 in font TH Sarabun New Regular/OT:script=la
tn;language=dflt;mapping=tex-text;!
Missing character: There is no ^^88 in font TH Sarabun New Regular/OT:script=la
tn;language=dflt;mapping=tex-text;!
)
Overfull \hbox (129.63718pt too wide) in paragraph at lines 2--110
\TU/THSarabunNew(0)/b/n/10 46. เธซเธฒเธ^^81เธ^^81เธณเธซเธ^^99เธ”เน^^84เธงเธขเธฒ
เธ^^81เธฃเธ“เน^^8c (Grammar) เธ^^82เธญเธ^^87เธ เธฒเธฉเธฒเธซเธ^^99เธถเน^^88เธ^^8
7เน€เธ^^9bเน^^87เธ^^99
 []


Overfull \hbox (37.97131pt too wide) in paragraph at lines 2--110
\OT1/cmr/m/n/10 (01)[]00(11)[]$ \TU/THSarabunNew(0)/b/n/10 เธ^^9cเธฅเธ^^81เธฒเธ
ฃเธฃเธฑเธ^^9aเธฃเธนเน^^89 (Recognition) เธ^^82เธญเธ^^87เธชเธ•เธฃเธดเธ^^87เธ^^84
เธณเธงเน^^88เธฒ
 []


Overfull \hbox (540.30222pt too wide) in paragraph at lines 2--110
\TU/lmtt/m/n/10 010100 \TU/THSarabunNew(0)/b/n/10 เธ^^88เธฐเน€เธชเธฃเน^^87เธ^^8
8เธชเธดเน^^89เธ^^99เธ—เธตเน^^88เธชเธ–เธฒเธ^^99เธฐเน^^83เธ” เน^^81เธฅเธฐเธชเธญเธ
”เธ^^84เธฅเน^^89เธญเธ^^87เธ^^81เธฑเธ^^9aเน^^82เธ^^84เธฃเธ^^87เธชเธฃเน^^89เธฒเธ^
^87เน^^84เธงเธขเธฒเธ^^81เธฃเธ“เน^^8cเธซเธฃเธทเธญเน^^84เธกเน^^88
 []


Underfull \hbox (badness 10000) in paragraph at lines 2--110

 []

(problems/ton3/algorithms/07.tex
Missing character: There is no ^^9a in font TH Sarabun New Regular/OT:script=la
tn;language=dflt;mapping=tex-text;!
Missing character: There is no ^^82 in font TH Sarabun New Regular/OT:script=la
tn;language=dflt;mapping=tex-text;!
Missing character: There is no ^^87 in font TH Sarabun New Regular/OT:script=la
tn;language=dflt;mapping=tex-text;!
Missing character: There is no ^^84 in font TH Sarabun New Regular/OT:script=la
tn;language=dflt;mapping=tex-text;!
Missing character: There is no ^^9e in font TH Sarabun New Regular/OT:script=la
tn;language=dflt;mapping=tex-text;!
Missing character: There is no ^^88 in font TH Sarabun New Regular/OT:script=la
tn;language=dflt;mapping=tex-text;!
Missing character: There is no ^^9a in font TH Sarabun New Regular/OT:script=la
tn;language=dflt;mapping=tex-text;!
Missing character: There is no ^^88 in font TH Sarabun New Regular/OT:script=la
tn;language=dflt;mapping=tex-text;!
Missing character: There is no ^^99 in font TH Sarabun New Regular/OT:script=la
tn;language=dflt;mapping=tex-text;!
Missing character: There is no ^^81 in font TH Sarabun New Regular/OT:script=la
tn;language=dflt;mapping=tex-text;!
Missing character: There is no ^^9b in font TH Sarabun New Regular/OT:script=la
tn;language=dflt;mapping=tex-text;!
Missing character: There is no ^^99 in font TH Sarabun New Regular/OT:script=la
tn;language=dflt;mapping=tex-text;!
Missing character: There is no ^^8d in font TH Sarabun New Regular/OT:script=la
tn;language=dflt;mapping=tex-text;!
Missing character: There is no ^^89 in font TH Sarabun New Regular/OT:script=la
tn;language=dflt;mapping=tex-text;!
Missing character: There is no ^^88 in font TH Sarabun New Regular/OT:script=la
tn;language=dflt;mapping=tex-text;!
Missing character: There is no ^^9a in font TH Sarabun New Regular/OT:script=la
tn;language=dflt;mapping=tex-text;!
Missing character: There is no ^^89 in font TH Sarabun New Regular/OT:script=la
tn;language=dflt;mapping=tex-text;!
Missing character: There is no ^^99 in font TH Sarabun New Regular/OT:script=la
tn;language=dflt;mapping=tex-text;!
Missing character: There is no ^^81 in font TH Sarabun New Regular/OT:script=la
tn;language=dflt;mapping=tex-text;!
Missing character: There is no ^^88 in font TH Sarabun New Regular/OT:script=la
tn;language=dflt;mapping=tex-text;!
Missing character: There is no ^^87 in font TH Sarabun New Regular/OT:script=la
tn;language=dflt;mapping=tex-text;!
Missing character: There is no ^^99 in font TH Sarabun New Regular/OT:script=la
tn;language=dflt;mapping=tex-text;!
Missing character: There is no ^^88 in font TH Sarabun New Regular/OT:script=la
tn;language=dflt;mapping=tex-text;!
Missing character: There is no ^^87 in font TH Sarabun New Regular/OT:script=la
tn;language=dflt;mapping=tex-text;!
Missing character: There is no ^^99 in font TH Sarabun New Regular/OT:script=la
tn;language=dflt;mapping=tex-text;!
Missing character: There is no ^^8d in font TH Sarabun New Regular/OT:script=la
tn;language=dflt;mapping=tex-text;!
Missing character: There is no ^^89 in font TH Sarabun New Regular/OT:script=la
tn;language=dflt;mapping=tex-text;!
Missing character: There is no ^^82 in font TH Sarabun New Regular/OT:script=la
tn;language=dflt;mapping=tex-text;!
Missing character: There is no ^^99 in font TH Sarabun New Regular/OT:script=la
tn;language=dflt;mapping=tex-text;!
Missing character: There is no ^^81 in font TH Sarabun New Regular/OT:script=la
tn;language=dflt;mapping=tex-text;!
Missing character: There is no ^^89 in font TH Sarabun New Regular/OT:script=la
tn;language=dflt;mapping=tex-text;!
Missing character: There is no ^^87 in font TH Sarabun New Regular/OT:script=la
tn;language=dflt;mapping=tex-text;!
Missing character: There is no ^^84 in font TH Sarabun New Regular/OT:script=la
tn;language=dflt;mapping=tex-text;!
Missing character: There is no ^^9e in font TH Sarabun New Regular/OT:script=la
tn;language=dflt;mapping=tex-text;!
Missing character: There is no ^^88 in font TH Sarabun New Regular/OT:script=la
tn;language=dflt;mapping=tex-text;!
Missing character: There is no ^^84 in font TH Sarabun New Regular/OT:script=la
tn;language=dflt;mapping=tex-text;!
Missing character: There is no ^^89 in font TH Sarabun New Regular/OT:script=la
tn;language=dflt;mapping=tex-text;!
Missing character: There is no ^^88 in font TH Sarabun New Regular/OT:script=la
tn;language=dflt;mapping=tex-text;!
Missing character: There is no ^^87 in font TH Sarabun New Regular/OT:script=la
tn;language=dflt;mapping=tex-text;!
Missing character: There is no ^^9b in font TH Sarabun New Regular/OT:script=la
tn;language=dflt;mapping=tex-text;!
Missing character: There is no ^^87 in font TH Sarabun New Regular/OT:script=la
tn;language=dflt;mapping=tex-text;!
Missing character: There is no ^^81 in font TH Sarabun New Regular/OT:script=la
tn;language=dflt;mapping=tex-text;!
Missing character: There is no ^^8c in font TH Sarabun New Regular/OT:script=la
tn;language=dflt;mapping=tex-text;!
Missing character: There is no ^^84 in font TH Sarabun New Regular/OT:script=la
tn;language=dflt;mapping=tex-text;!
Missing character: There is no ^^89 in font TH Sarabun New Regular/OT:script=la
tn;language=dflt;mapping=tex-text;!
Missing character: There is no ^^8b in font TH Sarabun New Regular/OT:script=la
tn;language=dflt;mapping=tex-text;!
Missing character: There is no ^^88 in font TH Sarabun New Regular/OT:script=la
tn;language=dflt;mapping=tex-text;!
Missing character: There is no ^^87 in font TH Sarabun New Regular/OT:script=la
tn;language=dflt;mapping=tex-text;!
Missing character: There is no ^^9b in font TH Sarabun New Regular/OT:script=la
tn;language=dflt;mapping=tex-text;!
Missing character: There is no ^^87 in font TH Sarabun New Regular/OT:script=la
tn;language=dflt;mapping=tex-text;!
Missing character: There is no ^^81 in font TH Sarabun New Regular/OT:script=la
tn;language=dflt;mapping=tex-text;!
Missing character: There is no ^^8c in font TH Sarabun New Regular/OT:script=la
tn;language=dflt;mapping=tex-text;!
Missing character: There is no ^^81 in font TH Sarabun New Regular/OT:script=la
tn;language=dflt;mapping=tex-text;!
Missing character: There is no ^^88 in font TH Sarabun New Regular/OT:script=la
tn;language=dflt;mapping=tex-text;!
Missing character: There is no ^^82 in font TH Sarabun New Regular/OT:script=la
tn;language=dflt;mapping=tex-text;!
Missing character: There is no ^^99 in font TH Sarabun New Regular/OT:script=la
tn;language=dflt;mapping=tex-text;!
Missing character: There is no ^^84 in font TH Sarabun New Regular/OT:script=la
tn;language=dflt;mapping=tex-text;!
Missing character: There is no ^^88 in font TH Sarabun New Regular/OT:script=la
tn;language=dflt;mapping=tex-text;!
Missing character: There is no ^^88 in font TH Sarabun New Regular/OT:script=la
tn;language=dflt;mapping=tex-text;!
Missing character: There is no ^^81 in font TH Sarabun New Regular/OT:script=la
tn;language=dflt;mapping=tex-text;!
Missing character: There is no ^^99 in font TH Sarabun New Regular/OT:script=la
tn;language=dflt;mapping=tex-text;!
Missing character: There is no ^^89 in font TH Sarabun New Regular/OT:script=la
tn;language=dflt;mapping=tex-text;!
Missing character: There is no ^^99 in font TH Sarabun New Regular/OT:script=la
tn;language=dflt;mapping=tex-text;!
Missing character: There is no ^^89 in font TH Sarabun New Regular/OT:script=la
tn;language=dflt;mapping=tex-text;!
Missing character: There is no ^^84 in font TH Sarabun New Regular/OT:script=la
tn;language=dflt;mapping=tex-text;!
Missing character: There is no ^^89 in font TH Sarabun New Regular/OT:script=la
tn;language=dflt;mapping=tex-text;!
Missing character: There is no ^^9a in font TH Sarabun New Regular/OT:script=la
tn;language=dflt;mapping=tex-text;!
Missing character: There is no ^^82 in font TH Sarabun New Regular/OT:script=la
tn;language=dflt;mapping=tex-text;!
Missing character: There is no ^^87 in font TH Sarabun New Regular/OT:script=la
tn;language=dflt;mapping=tex-text;!
Missing character: There is no ^^81 in font TH Sarabun New Regular/OT:script=la
tn;language=dflt;mapping=tex-text;!
Missing character: There is no ^^88 in font TH Sarabun New Regular/OT:script=la
tn;language=dflt;mapping=tex-text;!
Missing character: There is no ^^82 in font TH Sarabun New Regular/OT:script=la
tn;language=dflt;mapping=tex-text;!
Missing character: There is no ^^87 in font TH Sarabun New Regular/OT:script=la
tn;language=dflt;mapping=tex-text;!
Missing character: There is no ^^87 in font TH Sarabun New Regular/OT:script=la
tn;language=dflt;mapping=tex-text;!
Missing character: There is no ^^89 in font TH Sarabun New Regular/OT:script=la
tn;language=dflt;mapping=tex-text;!
Missing character: There is no ^^99 in font TH Sarabun New Regular/OT:script=la
tn;language=dflt;mapping=tex-text;!
Missing character: There is no ^^9b in font TH Sarabun New Regular/OT:script=la
tn;language=dflt;mapping=tex-text;!
Missing character: There is no ^^81 in font TH Sarabun New Regular/OT:script=la
tn;language=dflt;mapping=tex-text;!
Missing character: There is no ^^88 in font TH Sarabun New Regular/OT:script=la
tn;language=dflt;mapping=tex-text;!
Missing character: There is no ^^87 in font TH Sarabun New Regular/OT:script=la
tn;language=dflt;mapping=tex-text;!
Missing character: There is no ^^81 in font TH Sarabun New Regular/OT:script=la
tn;language=dflt;mapping=tex-text;!
Missing character: There is no ^^87 in font TH Sarabun New Regular/OT:script=la
tn;language=dflt;mapping=tex-text;!
Missing character: There is no ^^84 in font TH Sarabun New Regular/OT:script=la
tn;language=dflt;mapping=tex-text;!
Missing character: There is no ^^82 in font TH Sarabun New Regular/OT:script=la
tn;language=dflt;mapping=tex-text;!
Missing character: There is no ^^87 in font TH Sarabun New Regular/OT:script=la
tn;language=dflt;mapping=tex-text;!
Missing character: There is no ^^99 in font TH Sarabun New Regular/OT:script=la
tn;language=dflt;mapping=tex-text;!
Missing character: There is no ^^8d in font TH Sarabun New Regular/OT:script=la
tn;language=dflt;mapping=tex-text;!
Missing character: There is no ^^89 in font TH Sarabun New Regular/OT:script=la
tn;language=dflt;mapping=tex-text;!
Missing character: There is no ^^88 in font TH Sarabun New Regular/OT:script=la
tn;language=dflt;mapping=tex-text;!
Missing character: There is no ^^89 in font TH Sarabun New Regular/OT:script=la
tn;language=dflt;mapping=tex-text;!
Missing character: There is no ^^87 in font TH Sarabun New Regular/OT:script=la
tn;language=dflt;mapping=tex-text;!
Missing character: There is no ^^9b in font TH Sarabun New Regular/OT:script=la
tn;language=dflt;mapping=tex-text;!
Missing character: There is no ^^9b in font TH Sarabun New Regular/OT:script=la
tn;language=dflt;mapping=tex-text;!
Missing character: There is no ^^87 in font TH Sarabun New Regular/OT:script=la
tn;language=dflt;mapping=tex-text;!
Missing character: There is no ^^81 in font TH Sarabun New Regular/OT:script=la
tn;language=dflt;mapping=tex-text;!
Missing character: There is no ^^8c in font TH Sarabun New Regular/OT:script=la
tn;language=dflt;mapping=tex-text;!
Missing character: There is no ^^88 in font TH Sarabun New Regular/OT:script=la
tn;language=dflt;mapping=tex-text;!
Missing character: There is no ^^87 in font TH Sarabun New Regular/OT:script=la
tn;language=dflt;mapping=tex-text;!
Missing character: There is no ^^99 in font TH Sarabun New Regular/OT:script=la
tn;language=dflt;mapping=tex-text;!
Missing character: There is no ^^89 in font TH Sarabun New Regular/OT:script=la
tn;language=dflt;mapping=tex-text;!
Missing character: There is no ^^88 in font TH Sarabun New Regular/OT:script=la
tn;language=dflt;mapping=tex-text;!
Missing character: There is no ^^81 in font TH Sarabun New Regular/OT:script=la
tn;language=dflt;mapping=tex-text;!
Missing character: There is no ^^88 in font TH Sarabun New Regular/OT:script=la
tn;language=dflt;mapping=tex-text;!
Missing character: There is no ^^88 in font TH Sarabun New Regular/OT:script=la
tn;language=dflt;mapping=tex-text;!
Missing character: There is no ^^87 in font TH Sarabun New Regular/OT:script=la
tn;language=dflt;mapping=tex-text;!
Missing character: There is no ^^88 in font TH Sarabun New Regular/OT:script=la
tn;language=dflt;mapping=tex-text;!
Missing character: There is no ^^84 in font TH Sarabun New Regular/OT:script=la
tn;language=dflt;mapping=tex-text;!
Missing character: There is no ^^9a in font TH Sarabun New Regular/OT:script=la
tn;language=dflt;mapping=tex-text;!
Missing character: There is no ^^84 in font TH Sarabun New Regular/OT:script=la
tn;language=dflt;mapping=tex-text;!
Missing character: There is no ^^9e in font TH Sarabun New Regular/OT:script=la
tn;language=dflt;mapping=tex-text;!
Missing character: There is no ^^89 in font TH Sarabun New Regular/OT:script=la
tn;language=dflt;mapping=tex-text;!
Missing character: There is no ^^99 in font TH Sarabun New Regular/OT:script=la
tn;language=dflt;mapping=tex-text;!
Missing character: There is no ^^88 in font TH Sarabun New Regular/OT:script=la
tn;language=dflt;mapping=tex-text;!
Missing character: There is no ^^99 in font TH Sarabun New Regular/OT:script=la
tn;language=dflt;mapping=tex-text;!
Missing character: There is no ^^8d in font TH Sarabun New Regular/OT:script=la
tn;language=dflt;mapping=tex-text;!
Missing character: There is no ^^89 in font TH Sarabun New Regular/OT:script=la
tn;language=dflt;mapping=tex-text;!
Missing character: There is no ^^89 in font TH Sarabun New Regular/OT:script=la
tn;language=dflt;mapping=tex-text;!
Missing character: There is no ^^87 in font TH Sarabun New Regular/OT:script=la
tn;language=dflt;mapping=tex-text;!
)
Overfull \hbox (169.94968pt too wide) in paragraph at lines 2--112
\TU/THSarabunNew(0)/b/n/10 47. เธ^^9aเธฃเธดเธฉเธฑเธ—เธ^^82เธญเธ^^87เธ^^84เธธเธ“
เธ^^9eเน^^88เธญเธฃเธฑเธ^^9aเธ^^88เธฑเธ”เธชเธงเธ^^99เน^^81เธฅเธฐเธ^^9bเธนเธชเธ^^
99เธฒเธกเธซเธ^^8dเน^^89เธฒเธ—
 []


Overfull \hbox (25.60886pt too wide) in paragraph at lines 2--112
\TU/THSarabunNew(0)/b/n/10 เธตเน^^88เธ^^9aเน^^89เธฒเธ^^99เน^^81เธซเน^^88เธ^^87เ
ธซเธ^^99เธถเน^^88เธ^^87 เธชเธ^^99เธฒเธกเธซเธ^^8dเน^^89เธฒเธกเธตเธ^^82เธ^^99เธฒเ
ธ”
 []


Overfull \hbox (266.3071pt too wide) in paragraph at lines 2--112
\TU/THSarabunNew(0)/b/n/10 เธ^^81เธงเน^^89เธฒเธ^^87 2 เน€เธกเธ•เธฃ เธขเธฒเธง 20
 เน€เธกเธ•เธฃ เธ^^84เธธเธ“เธ^^9eเน^^88เธญเน^^84เธ”เน^^89เธ^^88เธฑเธ”เธงเธฒเธ^^8
7เธชเธ^^9bเธฃเธดเธ^^87เน€เธ^^81เธญเธฃเน^^8cเน^^84เธงเน^^89
 []


Overfull \hbox (117.50827pt too wide) in paragraph at lines 2--112
\TU/THSarabunNew(0)/b/n/10 8 เธ•เธฑเธง เธ^^8bเธถเน^^88เธ^^87เธชเธ^^9bเธฃเธดเธ^^
87เน€เธ^^81เธญเธฃเน^^8cเน^^81เธ•เน^^88เธฅเธฐเธ•เธฑเธงเธกเธตเธ^^82เธ^^99เธฒเธ”เน
^^84เธกเน^^88เน€เธ—
 []


Overfull \hbox (246.18015pt too wide) in paragraph at lines 2--112
\TU/THSarabunNew(0)/b/n/10 เน^^88เธฒเธ^^81เธฑเธ^^99 เธชเธฒเธกเธฒเธฃเธ–เธ^^89เธต
เธ”เธ^^99เน^^89เธณเน^^84เธ”เน^^89เธฃเธญเธ^^9aเธ—เธดเธจเธ•เธฒเธกเธฃเธฑเธจเธกเธตเ
ธ^^82เธญเธ^^87เน^^81เธ•เน^^88เธฅเธฐเธ•เธฑเธง
 []


Overfull \hbox (255.75046pt too wide) in paragraph at lines 2--112
\TU/THSarabunNew(0)/b/n/10 เน^^82เธ”เธขเธงเธฒเธ^^87เธ•เธฃเธ^^87เน€เธชเน^^89เธ^^
99เธ^^9bเธฃเธฐเธ^^81เธถเน^^88เธ^^87เธ^^81เธฅเธฒเธ^^87เธ•เธฒเธกเธ^^84เธงเธฒเธกเธ
ขเธฒเธงเธ^^82เธญเธ^^87เธชเธ^^99เธฒเธกเธซเธ^^8dเน^^89เธฒ
 []


Overfull \hbox (27.26901pt too wide) in paragraph at lines 2--112
\TU/THSarabunNew(0)/b/n/10 เธ^^88เธฐเธ•เน^^89เธญเธ^^87เน€เธ^^9bเธดเธ”เธชเธ^^9bเ
ธฃเธดเธ^^87เน€เธ^^81เธญเธฃเน^^8cเธญเธขเน^^88เธฒเธ^^87เธ^^99เน^^89เธญเธขเธ—
 []


Overfull \hbox (1.6196pt too wide) in paragraph at lines 2--112
\TU/THSarabunNew(0)/b/n/10 เธตเน^^88เธชเธธเธ”เธ^^81เธตเน^^88เธ•เธฑเธง เธ^^88เธถ
เธ^^87เธ^^88เธฐเธ^^84เธฃเธญเธ^^9aเธ^^84เธฅเธธเธกเธ^^9eเธทเน^^89เธ^^99เธ—
 []


Package fancyhdr Warning: \headheight is too small (12.0pt): 
(fancyhdr)                Make it at least 18.94574pt, for example:
(fancyhdr)                \setlength{\headheight}{18.94574pt}.
(fancyhdr)                You might also make \topmargin smaller:
(fancyhdr)                \addtolength{\topmargin}{-6.94574pt}.

[10] 
AED: lastpage setting LastPage
(main.aux)
 ***********
LaTeX2e <2023-11-01> patch level 1
L3 programming layer <2024-01-04>
 ***********


LaTeX Font Warning: Some font shapes were not available, defaults substituted.

 ) 
Here is how much of TeX's memory you used:
 6002 strings out of 409617
 145276 string characters out of 5774013
 1932191 words of memory out of 5000000
 27918 multiletter control sequences out of 15000+600000
 559856 words of font info for 55 fonts, out of 8000000 for 9000
 1348 hyphenation exceptions out of 8191
 84i,12n,96p,1107b,496s stack positions out of 10000i,1000n,20000p,200000b,200000s

Output written on main.pdf (10 pages).
